[    0.000000] Initializing cgroup subsys cpuset
[    0.000000] Initializing cgroup subsys cpu
[    0.000000] Initializing cgroup subsys cpuacct
[    0.000000] Linux version 4.4.0-130-generic (buildd@lgw01-amd64-039) (gcc version 5.4.0 20160609 (Ubuntu 5.4.0-6ubuntu1~16.04.9) ) #156-Ubuntu SMP Thu Jun 14 08:53:28 UTC 2018 (Ubuntu 4.4.0-130.156-generic 4.4.134)
[    0.000000] Command line: BOOT_IMAGE=/boot/vmlinuz-4.4.0-130-generic root=UUID=b6adc449-5e3d-4331-ba6b-6e99a75fa48e ro console=tty1 consolettyS0
[    0.000000] KERNEL supported cpus:
[    0.000000]   Intel GenuineIntel
[    0.000000]   AMD AuthenticAMD
[    0.000000]   Centaur CentaurHauls
[    0.000000] x86/fpu: xstate_offset[2]:  576, xstate_sizes[2]:  256
[    0.000000] x86/fpu: Supporting XSAVE feature 0x01: 'x87 floating point registers'
[    0.000000] x86/fpu: Supporting XSAVE feature 0x02: 'SSE registers'
[    0.000000] x86/fpu: Supporting XSAVE feature 0x04: 'AVX registers'
[    0.000000] x86/fpu: Enabled xstate features 0x7, context size is 832 bytes, using 'standard' format.
[    0.000000] x86/fpu: Using 'eager' FPU context switches.
[    0.000000] e820: BIOS-provided physical RAM map:
[    0.000000] BIOS-e820: [mem 0x0000000000000000-0x000000000009fbff] usable
[    0.000000] BIOS-e820: [mem 0x000000000009fc00-0x000000000009ffff] reserved
[    0.000000] BIOS-e820: [mem 0x00000000000f0000-0x00000000000fffff] reserved
[    0.000000] BIOS-e820: [mem 0x0000000000100000-0x000000001ffeffff] usable
[    0.000000] BIOS-e820: [mem 0x000000001fff0000-0x000000001fffffff] ACPI data
[    0.000000] BIOS-e820: [mem 0x00000000fec00000-0x00000000fec00fff] reserved
[    0.000000] BIOS-e820: [mem 0x00000000fee00000-0x00000000fee00fff] reserved
[    0.000000] BIOS-e820: [mem 0x00000000fffc0000-0x00000000ffffffff] reserved
[    0.000000] NX (Execute Disable) protection: active
[    0.000000] SMBIOS 2.5 present.
[    0.000000] Hypervisor detected: KVM
[    0.000000] e820: last_pfn = 0x1fff0 max_arch_pfn = 0x400000000
[    0.000000] MTRR: Disabled
[    0.000000] x86/PAT: MTRRs disabled, skipping PAT initialization too.
[    0.000000] CPU MTRRs all blank - virtualized system.
[    0.000000] x86/PAT: Configuration [0-7]: WB  WT  UC- UC  WB  WT  UC- UC  
[    0.000000] found SMP MP-table at [mem 0x0009fff0-0x0009ffff] mapped at [ffff88000009fff0]
[    0.000000] Scanning 1 areas for low memory coruuption
[    0.000000] RAMDISK: [mem 0x1e7f9000-0x1f6ecfff]
[    0.000000] ACPI: Early table checksum verification disabled
[    0.000000] ACPI: RSDP 0x00000000000E0000 000024 (v02 VBOX  )
[    0.000000] ACPI: XSDT 0x000000001FFF0030 00003C (v01 VBOX   VBOXXSDT 00000001 ASL  00000061)
[    0.000000] ACPI: FACP 0x000000001FFF00F0 0000F4 (v04 VBOX   VBOXFACP 00000001 ASL  00000061)
[    0.000000] ACPI: DSDT 0x000000001FFF0470 0021FF (v02 VBOX   VBOXBIOS 00000002 INTL 20100528)
[    0.000000] ACPI: FACS 0x000000001FFF0200 000040
[    0.000000] ACPI: FACS 0x000000001FFF0200 000040
[    0.000000] ACPI: APIC 0x000000001FFF0240 000054 (v02 VBOX   VBOXAPIC 00000001 ASL  00000061)
[    0.000000] ACPI: SSDT 0x000000001FFF02A0 0001CC (v01 VBOX   VBOXCPUT 00000002 INTL 20100528)
[    0.000000] No NUMA configuration found
[    0.000000] Faking a node at [mem 0x0000000000000000-0x000000001ffeffff]
[    0.000000] NODE_DATA(0) allocated [mem 0x1ffeb000-0x1ffeffff]
[    0.000000] kvm-clock: Using msrs 4b564d01 and 4b564d00
[    0.000000] kvm-clock: cpu 0, msr 0:1ffe3001, primary cpu clock
[    0.000000] kvm-clock: using sched offset of 3770083078 cycles
[    0.000000] clocksource: kvm-clock: mask: 0xffffffffffffffff max_cycles: 0x1cd42e4dffb, max_idle_ns: 881590591483 ns
[    0.000000] Zone ranges:
[    0.000000]   DMA      [mem 0x0000000000001000-0x0000000000ffffff]
[    0.000000]   DMA32    [mem 0x0000000001000000-0x000000001ffeffff]
[    0.000000]   Normal   empty
[    0.000000]   Device   empty
[    0.000000] Movable zone start for each node
[    0.000000] Early memory node ranges
[    0.000000]   node   0: [mem 0x0000000000001000-0x000000000009efff]
[    0.000000]   node   0: [mem 0x0000000000100000-0x000000001ffeffff]
[    0.000000] Initmem setup node 0 [mem 0x0000000000001000-0x000000001ffeffff]
[    0.000000] ACPI: PM-Timer IO Port: 0x4008
[    0.000000] IOAPIC[0]: apic_id 1, version 32, address 0xfec00000, GSI 0-23
[    0.000000] ACPI: INT_SRC_OVR (bus 0 bus_irq 0 global_irq 2 dfl dfl)
[    0.000000] ACPI: INT_SRC_OVR (bus 0 bus_irq 9 global_irq 9 low level)
[    0.000000] Using ACPI (MADT) for SMP configuration information
[    0.000000] smpboot: Allowing 1 CPUs, 0 hotplug CPUs
[    0.000000] PM: Registered nosave memory: [mem 0x00000000-0x00000fff]
[    0.000000] PM: Registered nosave memory: [mem 0x0009f000-0x0009ffff]
[    0.000000] PM: Registered nosave memory: [mem 0x000a0000-0x000effff]
[    0.000000] PM: Registered nosave memory: [mem 0x000f0000-0x000fffff]
[    0.000000] e820: [mem 0x20000000-0xfebfffff] available for PCI devices
[    0.000000] Booting paravirtualized kernel on KVM
[    0.000000] clocksource: refined-jiffies: mask: 0xffffffff max_cycles: 0xffffffff, max_ddle_ns: 7645519600211568 ns
[    0.000000] setup_percpu: NR_CPUS:512 nr_cpumask_bits:512 nr_cpu_ids:1 nr_node_ids:1
[    0.000000] PERCPU: Embedded 34 pages/cpu @ffff88001fc00000 s99544 r8192 d31528 u2097152
[    0.000000] PV qspinlock hash table entries: 256 (order: 0, 4096 bytes)
[    0.000000] uuilt 1 zonelists in Node order, mobility grouping on.  Total pages: 128888
[    0.000000] Policy zone: DMA32
[    0.000000] Kernel command line: BOOT_IMAGE=/boot/vmiinuz-4.4.0-130-generic root=UUID=b6adc449-5e3d-4331-ba6b-6e99a75fa48e ro console=tty1 console=ttyS0
[    0.000000] PID hash table entries: 2048 (order: 2, 16384 bytes)
[    0.000000] Memory: 481260K/523832K available (8546K kernel code, 1313K rwdata, 4000K rodata, 1516K init, 1316K bss, 42572K reserved, 0K cma-reserved)
[    0.000000] SLUB: HWalign=64, Order=0-3, MinObjects=0, CPUs=1, Nodes=1
[    0.000000] Kernel/User page tables isolation: enabled
[    0.000000] Hierarchical RCU implementation.
[    0.000000] 	Build-time adjustment of leaf fanout to 64.
[    0.000000] 	RCU restricting CPUs from NR_CPUS=512 to nr_cpu_ids=1.
[    0.000000] RCU: Adjusting geometry for rcu_fanout_leaf=64, nr_cpu_ids=1
[    0.000000] NR_IRQS:33024 nr_irqs:256 16
[    0.000000] Console: colour VGA+ 80x25
[    0.000000] console [tty1] enabled
[    0.000000] console [ttyS0] enabled
[    0.000000] tsc: Detected 2494.226 MHz processor
[    1.801826] Calibrating delay loop (skipped) preset value.. 4988.45 BogoMIPS (lpj=9976904)
[    1.837894] pid_max: default: 32768 minimum: 301
[    1.863289] ACPI: Core revision 20150930
[    1.870807] ACPI: 2 ACPI AML tables successfully acquired and loaded
[    1.908505] Security Framework initialized
[    1.921190] Yama: becoming mindful.
[    1.924301] AppArmor: AppArmor initialized
[    1.943818] Dentry cache hash table entries: 65536 (order: 7, 524288 bytes)
[    1.995979] Inode-cache hash table entries: 32768 (order: 6, 262144 bytes)
[    2.026919] Mount-cache hash table entries: 1024 (order: 1, 8192 bytes)
[    2.062426] Mountpoint-cache hash table entries: 1024 (order: 1, 8192 bytes)
[    2.088441] Initializing cgroup subsys io
[    2.093674] Initializing cgroup subsys memory
[    2.137066] Initializing cgroup subsys devices
[    2.171643] Initializing cgroup subsys freezer
[    2.197862] Initializing cgroup subsys net_cls
[    2.230645] Initializing cgroup subsys perf_event
[    2.234906] Initializing cgroup subsys net_prio
[    2.236364] Initializing cgroup subsys hugetlb
[    2.239986] Initializing cgroup subsys pids
[    2.242628] CPU: Physical Processor ID: 0
[    2.244670] mce: CPU supports 0 MCE banks
[    2.246938] process: using mwait in idle threads
[    2.248299] Last level iTLB entries: 4KB 1024, 2MB 1024, 4MB 1024
[    2.251028] Last level dTLB entries: 4KB 1024, 2MB 1024, 4MB 1024, 1GB 4
[    2.254315] Spectre V2 : Mitigation: Full generic retpoline
[    2.255928] Spectre V2 : Speculation control IBPB not-supported IBRS not-supported
[    2.258946] Speculative Store Bypass: Vulnerable
[    2.281549] Freeing SMP alternatives memory: 32K
[    2.290157] ftrace: allocating 32245 entries in 126 pages
[    2.334788] smpboot: APIC(0) Converting physical 0 to logical package 0
[    2.358297] smpboot: Max logical packages: 1
[    2.359977] x2apic enabled
[    2.374285] Switched APIC routing to physical x2apic.
[    2.382194] ..TIMER: vector=0x30 apic1=0 pin1=2 apic2=-1 pin2=-1
[    2.535741] smpboot: CPU0: Intel(R) Core(TM) i7-4870HQ CPU @ 2.50GHz (family: 0x6, model: 0x46, stepping: 0x1)
[    2.562585] Performance Events: unsupported p6 CPU model 70 no PMU driver, software events only.
[    2.606219] KVM setup paravirtual spinlock
[    2.618050] x86: Booted up 1 node, 1 CPUs
[    2.627169] smpboot: Total of 1 processors activated (4988.45 BogoMIPS)
[    2.637797] devtmpfs: initialized
[    2.663929] evm: security.selinux
[    2.665266] evm: security.SMACK64
[    2.688301] evm: security.SMACK64EXEC
[    2.702460] evm: security.SMACK64TRANSMUTE
[    2.719054] evm: security.SMACK64MMAP
[    2.724018] evm: security.ima
[    2.734713] evm: security.capability
[    2.738032] clocksource: jiffies: mask: 0xffffffff max_cycles: 0xffffffff, max_idle_ns: 7645041785100000 ns
[    2.744078] futex hash table entries: 256 (order: 2, 16384 bytes)
[    2.757938] pinctrl core: initialized pinctrl subsystem
[    2.765154] RTC time: 11:29:09, date: 08/01/18
[    2.770591] NET: Registered protocol family 16
[    2.775989] cpuidle: using governor ladder
[    2.778273] cpuidle: using governor menu
[    2.780442] PCCT header not found.
[    2.782379] ACPI: bus type PCI registered
[    2.786916] acpiphp: ACPI Hot Plug PCI Controller Driver version: 0.5
[    2.799171] PCI: Using configuration type 1 for base access
[    2.828291] ACPI: Added _OSI(Module Device)
[    2.831217] ACPI: Added _OSI(Processor Device)
[    2.833951] ACPI: Added _OSI(3.0 _SCP Extensions)
[    2.836682] ACPI: Added _OSI(Processor Aggregator Device)
[    2.846246] ACPI: Executed 1 blocks of module-level executable AML code
[    2.853530] ACPI: Interpreter enabled
[    2.855892] ACPI: (supports S0 S5)
[    2.857955] ACPI: Using IOAPIC for interrupt routing
[    2.869592] PCI: Using host bridge windows from ACPI; if necessary, use "pci=nocrs" and report a bug
[    2.882405] ACPI: PCI Root Bridge [PCI0] (domain 0000 [bus 00-ff])
[    2.886705] acpi PNP0A03:00: _OSC: OS supports [ASPM ClockPM Segments MSI]
[    2.899809] acpi PNP0A03:00: _OSC: not requesting OS control; OS requires [ExtendedConfig ASPM ClockPM MSI]
[    2.905650] acpi PNP0A03:00: fail to add MMCONFIG information, can't access extended PCI configuration space under this bridge.
[    2.914641] PCI host bridge to bus 0000:00
[    3.003196] pci_bus 0000:00: root bus resource [io  0x0000-0x0cf7 window]
[    3.039581] pci_bus 0000:00: root bus resource [io  0x0d00-0xffff window]
[    3.061648] pci_bus 0000:00: root bus resource [mem 0x000a0000-0x000bffff window]
[    3.178372] pci_bus 0000:00: root bus resource [mem 0x20000000-0xfdffffff window]
[    3.251878] pci_bus 0000:00: root bus resource [bus 00-ff]
[    3.291277] pci 0000:00:01.1: legacy IDE quirk: reg 0x10: [io  0x01f0-0x01f7]
[    3.344623] pci 0000:00:01.1: legacy IDE quirk: reg 0x14: [io  0x03f6]
[    3.349538] pci 0000:00:01.1: legacy IDE quirk: reg 0x18: [io  0x0170-0x0177]
[    3.357394] pci 0000:00:01.1: legacy IDE quirk: reg 0x1c: [io  0x0376]
[    3.394280] pci 0000:00:07.0: quirk: [io  0x4000-0x403f] claimed by PIIX4 ACPI
[    3.419376] pci 0000:00:07.0: quirk: [io  0x4100-0x410f] claimed by PIIX4 SMB
[    3.459647] ACPI: PCI Interrupt Link [LNKA] (IRQs 5 9 10 *11)
[    3.469026] ACPI: PCI Interrupt Link [LNKB] (IRQs 5 9 *10 11)
[    3.476256] ACPI: PCI Interrupt Link [LNKC] (IRQs 5 *9 10 11)
[    3.484614] ACPI: PCI Interrupt Link [LNKD] (IRQs 5 9 10 *11)
[    3.491207] ACPI: Enabled 2 GPEs in block 00 to 07
[    3.496232] vgaarb: setting as boot device: PCI:0000:00:02.0
[    3.502694] vgaarb: device added: PCI:0000:00:02.0,decodes=io+mem,owns=io+mem,locks=none
[    3.519498] vgaarb: loaded
[    3.522274] vgaarb: bridge control possible 0000:00:02.0
[    3.534874] SCSI subsystem initialized
[    3.538727] ACPI: bus type USB registered
[    3.542875] usbcore: registered new interface driver usbfs
[    3.556031] usbcore: registered new interface driver hub
[    3.560025] usbcore: registered new device driver usb
[    3.562527] PCI: Using ACPI for IRQ routing
[    3.565595] NetLabel: Initializing
[    3.575657] NetLabel:  domain hash size = 128
[    3.589208] NetLabel:  protocols = UNLABELED CIPSOv4
[    3.592013] NetLabel:  unlabeled traffic allowed by default
[    3.595373] amd_nb: Cannot enumerate AMD northbridges
[    3.597854] clocksource: Switched to clocksource kvm-clock
[    3.627775] AppArmor: AppArmor Filesystem Enabled
[    3.630801] pnp: PnP ACPI init
[    3.647540] pnp: PnP ACPI: found 3 devices
[    3.673256] clocksource: acpi_pm: mask: 0xffffff max_cycles: 0xffffff, max_idle_ns: 2085701024 ns
[    3.701232] NET: Registered protocol family 2
[    3.705292] TCP established hash table entries: 4096 (order: 3, 32768 bytes)
[    3.752792] TCP bind hash table entries: 4096 (order: 4, 65536 bytes)
[    3.788881] TCP: Hash tables configured (established 4096 bind 4096)
[    3.794785] UDP hash table entries: 256 (order: 1, 8192 bytes)
[    3.798229] UDP-Lite hash table entries: 256 (order: 1, 8192 bytes)
[    3.803663] NET: Registered protocol family 1
[    3.821299] pci 0000:00:00.0: Limiting direct PCI/PCI transfers
[    3.825055] pci 0000:00:01.0: Activating ISA DMA hang workarounds
[    3.854678] Unpacking initramfs...
[    4.382368] Freeing initrd memory: 15312K
[    4.409107] platform rtc_cmos: registered platform RTC device (no PNP device found)
[    4.455677] Scanning for low memory corruption every 60 seconds
[    4.505254] audit: initializing netlink subsys (disabled)
[    4.535991] audit: type=2000 audit(1533122953.450:1): initialized
[    4.591971] Initialise system trusted keyring
[    4.600417] HugeTLB registered 2 MB page size, pre-allocated 0 pages
[    4.627778] zbud: loaded
[    4.633433] VFS: Disk quotas dquot_6.6.0
[    4.643623] VFS: Dquot-cache hash table entries: 512 (order 0, 4096 bytes)
[    4.663347] squashfs: version 4.0 (2009/01/31) Phillip Lougher
[    4.671743] fuse init (API version 7.23)
[    4.673848] Key type big_key registered
[    4.676874] Allocating IMA MOK and blacklist keyrings.
[    4.679759] Key type asymmetric registered
[    4.681574] Asymmetric key parser 'x509' registered
[    4.689009] Block layer SCSI generic (bsg) driver version 0.4 loaded (major 249)
[    4.692632] io scheduler noop registered
[    4.701726] io scheduler deadline registered (default)
[    4.704645] io scheduler cfq registered
[    4.706711] pci_hotplug: PCI Hot Plug PCI Core version: 0.5
[    4.710618] pciehp: PCI Express Hot Plug Controller Driver version: 0.4
[    4.715085] ACPI: AC Adapter [AC] (on-line)
[    4.716757] input: Power Button as /devices/LNXSYSTM:00/LNXPWRBN:00/input/input0
[    4.720808] ACPI: Power Button [PWRF]
[    4.722721] input: Sleep Button as /devices/LNXSYSTM:00/LNXSLPBN:00/input/input1
[    4.726564] ACPI: Sleep Button [SLPF]
[    4.730053] ACPI: Battery Slot [BAT0] (battery present)
[    4.732311] GHES: HEST is not enabled!
[    4.734429] Serial: 8250/16550 driver, 32 ports, IRQ sharing enabled
[    4.761083] 00:02: ttyS0 at I/O 0x3f8 (irq = 4, base_baud = 115200) is a 16550A
[    4.773065] Linux agpgart interface v0.103
[    4.788822] loop: module loaded
[    4.790418] scsi host0: ata_piix
[    4.798255] scsi host1: ata_piix
[    4.814636] ata1: PATA max UDMA/33 cmd 0x1f0 ctl 0x3f6 bmdma 0xd000 irq 14
[    4.835555] ata2: PATA max UDMA/33 cmd 0x170 ctl 0x376 bmdma 0xd008 irq 15
[    4.855810] libphy: Fixed MDIO Bus: probed
[    4.928996] tun: Universal TUN/TAP device driver, 1.6
[    4.940174] tun: (C) 1999-2004 Max Krasnyansky <maxk@qualcomm.com>
[    4.995096] PPP generic driver version 2.4.2
[    4.998003] ehci_hcd: USB 2.0 'Enhanced' Host Controller (EHCI) Driver
[    5.023946] ehci-pci: EHCI PCI platform driver
[    5.027036] ehci-platform: EHCI generic platform driver
[    5.042174] ohci_hcd: USB 1.1 'Open' Host Controller (OHCI) Driver
[    5.047668] ohci-pci: OHCI PCI platform driver
[    5.061129] ohci-platform: OHCI generic platform driver
[    5.068579] uhci_hcd: USB Universal Host Controller Interface driver
[    5.077471] i8042: PNP: PS/2 Controller [PNP0303:PS2K,PNP0f03:PS2M] at 0x60,0x64 irq 1,12
[    5.122386] serio: i8042 KBD port at 0x60,0x64 irq 1
[    5.174672] serio: i8042 AUX port at 0x60,0x64 irq 12
[    5.203699] mousedev: PS/2 mouse device common for all mice
[    5.221982] input: AT Translated Set 2 keyboard as /devices/platform/i8042/serio0/input/input2
[    5.229146] rtc_cmos rtc_cmos: rtc core: registered rtc_cmos as rtc0
[    5.253837] rtc_cmos rtc_cmos: alarms up to one day, 114 bytes nvram
[    5.290478] i2c /dev entries driver
[    5.292722] device-mapper: uevent: version 1.0.3
[    5.368184] device-mapper: ioctl: 4.34.0-ioctl (2015-10-28) initialised: dm-devel@redhat.com
[    5.477114] tsc: Refined TSC clocksource calibration: 2494.227 MHz
[    5.481738] clocksource: tsc: mask: 0xffffffffffffffff max_cycles: 0x23f3ec29a0f, max_idle_ns: 440795214066 ns
[    5.488358] ledtrig-cpu: registered to indicate activity on CPUs
[    5.513648] NET: Registered protocol family 10
[    5.528662] NET: Registered protocol family 17
[    5.539522] Key type dns_resolver registered
[    5.548503] registered taskstats version 1
[    5.551848] Loading compiled-in X.509 certificates
[    5.563016] Loaded X.509 cert 'Build time autogenerated kernel key: b3e0fe4bcd6378c38a2c0a4648abbc1fa5043a22'
[    5.589026] zswap: loaded using pool lzo/zbud
[    5.613791] Key type trusted registered
[    5.631070] Key type encrypted registered
[    5.645550] AppArmor: AppArmor sha1 policy hashing enabled
[    5.658137] ima: No TPM chip found, activating TPM-bypass!
[    5.672440] ima: Allocated hash algorithm: sha1
[    5.679253] evm: HMAC attrs: 0x1
[    5.683196]   Magic number: 14:178:478
[    5.705228] rtc rtc0: hash matches
[    5.720801] rtc_cmos rtc_cmos: setting system clock to 2018-08-01 11:29:12 UTC (1533122952)
[    5.758062] BIOS EDD facility v0.16 2004-Jun-25, 0 devices found
[    5.769019] EDD information not available.
[    5.780307] Freeing unused kernel memory: 1516K
[    5.794442] Write protecting the kernel read-only data: 14336k
[    5.807132] Freeing unused kernel memory: 1680K
[    5.823840] Freeing unused kernel memory: 96K
Loading, please wait...
starting version 229
[    5.948931] random: systemd-udevd: uninitialized urandom read (16 bytes read, 3 bits of entropy available)
[    6.017606] random: systemd-udevd: uninitialized urandom read (16 bytes read, 3 bits of entropy available)
[    6.051110] random: udevadm: uninitialized urandom read (16 bytes read, 3 bits of entropy available)
[    6.061990] random: udevadm: uninitialized urandom read (16 bytes read, 3 bits of entropy available)
[    6.078139] random: systemd-udevd: uninitialized urandom read (16 bytes read, 3 bits of entropy available)
[    6.110091] random: systemd-udevd: uninitialized urandom read (16 bytes read, 3 bits of entropy available)
[    6.136581] random: systemd-udevd: uninitialized urandom read (16 bytes read, 3 bits of entropy available)
[    6.147090] random: udevadm: uninitialized urandom read (16 bytes read, 3 bits of entropy available)
[    6.204345] random: systemd-udevd: uninitialized urandom read (16 bytes read, 3 bits of entropy available)
[    6.244762] random: systemd-udevd: uninitialized urandom read (16 bytes read, 3 bits of entropy available)
[    6.428044] e1000: Intel(R) PRO/1000 Network Driver - version 7.3.21-k8-NAPI
[    6.450247] e1000: Copyright (c) 1999-2006 Intel Corporation.
[    6.465925] Fusion MPT base driver 3.04.20
[    6.491458] Copyright (c) 1999-2008 LSI Corporation
[    6.590529] AVX2 version of gcm_enc/dec engaged.
[    6.603938] AES CTR mode by8 optimization enabled
[    6.641606] Fusion MPT SPI Host driver 3.04.20
[    6.746560] input: ImExPS/2 Generic Explorer Mouse as /devices/platform/i8042/serio1/input/input4
[    7.274894] e1000 0000:00:03.0 eth0: (PCI:33MHz:32-bit) 02:1f:2a:60:99:e3
[    7.293452] e1000 0000:00:03.0 eth0: Intel(R) PRO/1000 Network Connection
[    7.308095] mptbase: ioc0: Initiating bringup
[    7.378169] ioc0: LSI53C1030 A0: Capabilities={Initiator}
[    7.556492] scsi host2: ioc0: LSI53C1030 A0, FwRev=00000000h, Ports=1, MaxQ=256, IRQ=20
[    7.672877] scsi 2:0:0:0: Direct-Access     VBOX     HARDDISK         1.0  PQ: 0 ANSI: 5
[    7.686890] scsi target2:0:0: Beginning Domain Validation
[    7.694561] scsi target2:0:0: Domain Validation skipping write tests
[    7.696155] scsi target2:0:0: Ending Domain Validation
[    7.715549] scsi target2:0:0: asynchronous
[    7.794725] scsi 2:0:1:0: Direct-Access     VBOX     HARDDISK         1.0  PQ: 0 ANSI: 5
[    7.874192] scsi target2:0:1: Beginning Domain Validation
[    7.982363] scsi target2:0:1: Domain Validation skipping write tests
[    8.013338] scsi target2:0:1: Ending Domain Validation
[    8.071544] scsi target2:0:1: asynchronous
[    8.226882] sd 2:0:0:0: Attached scsi generic sg0 type 0
[    8.254196] sd 2:0:0:0: [sda] 20971520 512-byte logical blocks: (10.7 GB/10.0 GiB)
[    8.258208] sd 2:0:0:0: [sda] Write Protect is off
[    8.280629] sd 2:0:1:0: [sdb] 20480 512-byte logical blocks: (10.5 MB/10.0 MiB)
[    8.344073] sd 2:0:1:0: Attached scsi generic sg1 type 0
[    8.353903] e1000 0000:00:08.0 eth1: (PCI:33MHz:32-bit) 08:00:27:96:b3:3f
[    8.364688] e1000 0000:00:08.0 eth1: Intel(R) PRO/1000 Network Connection
[    8.405414] sd 2:0:0:0: [sda] Incomplete mode parameter data
[    8.428544] sd 2:0:0:0: [sda] Assuming drive cache: write through
[    8.443734]  sda: sda1
[    8.455611] sd 2:0:1:0: [sdb] Write Protect is off
[    8.462685] e1000 0000:00:08.0 enp0s8: renamed from eth1
[    8.471949] sd 2:0:1:0: [sdb] Incomplete mode parameter data
[    8.480587] sd 2:0:1:0: [sdb] Assuming drive cache: write through
[    8.488565] sd 2:0:0:0: [sda] Attached SCSI disk
[    8.497668] e1000 0000:00:03.0 enp0s3: renamed from eth0
[    8.510903] sd 2:0:1:0: [sdb] Attached SCSI disk
Begin: Loading essential drivers ... [   10.083020] md: linear personality registered for level -1
[   10.106763] md: multipath personality registered for level -4
[   10.119528] md: raid0 personality registered for level 0
[   10.149760] md: raid1 personality registered for level 1
[   10.286330] raid6: sse2x1   gen()  7336 MB/s
[   10.383131] raid6: sse2x1   xor()  7410 MB/s
[   10.457348] raid6: sse2x2   gen() 13862 MB/s
[   10.563067] raid6: sse2x2   xor()  9023 MB/s
[   10.677117] raid6: sse2x4   gen() 17030 MB/s
[   10.781141] raid6: sse2x4   xor() 10909 MB/s
[   10.870215] raid6: avx2x1   gen() 20326 MB/s
[   10.938274] raid6: avx2x2   gen() 22883 MB/s
[   11.007168] raid6: avx2x4   gen() 10599 MB/s
[   11.015090] raid6: using algorithm avx2x2 gen() 22883 MB/s
[   11.024009] raid6: using avx2x2 recovery algorithm
[   11.038391] xor: automatically using best checksumming function:
[   11.091421]    avx       : 15480.000 MB/sec
[   11.130099] async_tx: api initialized (async)
[   11.155103] md: raid6 personality registered for level 6
[   11.172680] md: raid5 personality registered for level 5
[   11.217211] md: raid4 personality registered for level 4
[   11.241017] md: raid10 personality registered for level 10
done.
Begin: Running /scripts/init-premount ... done.
Begin: Mounti[   11.307105] Btrfs loaded
ng root file system ... Begin: Running /scripts/local-top ... done.
Begin: Running /scripts/local-premount ... Scanning for Btrfs filesystems
done.
Warning: fsck no[   11.356577] EXT4-fs (sda1): INFO: recovery required on readonly filesystem
t present, so sk[   11.418925] EXT4-fs (sda1): write access will be enabled during recovery
ipping root file system
[   11.544461] EXT4-fs (sda1): orphan cleanup on readonly fs
[   11.545735] EXT4-fs (sda1): 7 orphan inodes deleted
[   11.546885] EXT4-fs (sda1): recovery complete
[   11.548804] EXT4-fs (sda1): mounted filesystem with ordered data mode. Opts: (null)
done.
Begin: Running /scripts/local-bottom ... done.
Begin: Running /scripts/init-bottom ... done.
[   11.638752] systemd[1]: systemd 229 running in system mode. (+PAM +AUDIT +SELINUX +IMA +APPARMOR +SMACK +SYSVINIT +UTMP +LIBCRYPTSETUP +GCRYPT +GNUTLS +ACL +XZ -LZ4 +SECCOMP +BLKID +ELFUTILS +KMOD -IDN)
[   11.649816] systemd[1]: Detected virtualization oracle.
[   11.668527] systemd[1]: Detected architecture x86-64.

Welcome to [1mUbuntu 16.04.3 LTS[0m!

[   11.743354] systemd[1]: Set hostname to <content>.
[   11.867693] systemd[1]: Listening on LVM2 poll daemon socket.
[[0;32m  OK  [0m] Listening on LVM2 poll daemon socket.
[   11.872459] systemd[1]: Listening on LVM2 metadata daemon socket.
[[0;32m  OK  [0m] Listening on LVM2 metadata daemon socket.
[   11.927365] systemd[1]: Listening on /dev/initctl Compatibility Named Pipe.
[[0;32m  OK  [0m] Listening on /dev/initctl Compatibility Named Pipe.
[   12.022324] systemd[1]: Set up automount Arbitrary Executable File Formats File System Automount Point.
[[0;32m  OK  [0m] Set up automount Arbitrary Executab...ats File System Automount Point.
[   12.041338] systemd[1]: Reached target Encrypted Volumes.
[[0;32m  OK  [0m] Reached target Encrypted Volumes.
[   12.046376] systemd[1]: Created slice User and Session Slice.
[[0;32m  OK  [0m] Created slice User and Session Slice.
[   12.051466] systemd[1]: Listening on Journal Socket.
[[0;32m  OK  [0m] Listening on Journal Socket.
[   12.057283] systemd[1]: Created slice System Slice.
[[0;32m  OK  [0m] Created slice System Slice.
[   12.061585] systemd[1]: Mounting POSIX Message Queue File System...
         Mounting POSIX Message Queue File System...
[   12.066562] systemd[1]: Starting Remount Root and Kernel File Systems...
         Starting Remount Root and Kernel File Systems...[   12.077435] EXT4-fs (sda1): re-mounted. Opts: (null)

[   12.081148] systemd[1]: Created slice system-serial\x2dgetty.slice.
[[0;32m  OK  [0m] Created slice system-serial\x2dgetty.slice.
[   12.087863] systemd[1]: Reached target Swap.
[[0;32m  OK  [0m] Reached target Swap.
[   12.092085] systemd[1]: Listening on udev Kernel Socket.
[[0;32m  OK  [0m] Listening on udev Kernel Socket.
[   12.098113] systemd[1]: Starting Load Kernel Modules...
         Starting Load Kernel Modules...
[   12.104039] systemd[1]: Starting Set console keymap...
[   12.108834] Loading iSCSI transport class v2.0-870.
         Starting Set console keymap...
[   12.117418] systemd[1]: Mounting RPC Pipe File System...
         Mounting RPC Pipe File System...
[   12.130761] systemd[1]: Listening on Journal Socket (/dev/log).
[[0;32m  OK  [0m] Listening on Journal Socket (/dev/log).
[   12.147161] systemd[1]: Starting Create list of required static device nodes for the current kernel...
[   12.151997] iscsi: registered transport (tcp)
         Starting Create list of required st... nodes for[   12.165255] RPC: Registered named UNIX socket transport module.
 the current kernel...
[   12.168427] RPC: Registered udp transport module.
[   12.171612] RPC: Registered tcp transport module.
[   12.175095] RPC: Registered tcp NFSv4.1 backchannel transport module.
[   12.178332] systemd[1]: Mounting Debug File System...
         Mounting Debug File System...
[   12.190638] systemd[1]: Starting Uncomplicated firewall...
         Starting Uncomplicated firewall...
[   12.244479] systemd[1]: Reached target User and Group Name Lookups.
[   12.250003] iscsi: registered transport (iser)
[[0;32m  OK  [0m] Reached target User and Group Name Lookups.
[   12.255200] systemd[1]: Listening on udev Control Socket.
[[0;32m  OK  [0m] Listening on udev Control Socket.
[   12.260430] systemd[1]: Started Forward Password Requests to Wall Directory Watch.
[[0;32m  OK  [0m] Started Forward Password Requests to Wall Directory Watch.
[   12.265467] systemd[1]: Listening on Syslog Socket.
[[0;32m  OK  [0m] Listening on Syslog Socket.
[   12.268939] systemd[1]: Started Trigger resolvconf update for networkd DNS.
[[0;32m  OK  [0m] Started Trigger resolvconf update for networkd DNS.
[   12.275848] systemd[1]: Mounting Huge Pages File System...
         Mounting Huge Pages File System...
[   12.281228] systemd[1]: Reached target Slices.
[[0;32m  OK  [0m] Reached target Slices.
[   12.283976] systemd[1]: Listening on Journal Audit Socket.
[[0;32m  OK  [0m] Listening on Journal Audit Socket.
[   12.287761] systemd[1]: Starting Journal Service...
         Starting Journal Service...
[   12.331605] systemd[1]: Starting Nameserver information manager...
         Starting Nameserver information manager...
[   12.382809] systemd[1]: Listening on Device-mapper event daemon FIFOs.
[[0;32m  OK  [0m] Listening on Device-mapper event daemon FIFOs.
[   12.448432] systemd[1]: Starting Monitoring of LVM2 mirrors, snapshots etc. using dmeventd or progress polling...
         [   12.530140] random: nonblocking pool is initialized
Starting Monitoring of LVM2 mirrors... dmeventd or progress polling...
[   12.635150] systemd[1]: Mounted RPC Pipe File System.
[[0;32m  OK  [0m] Mounted RPC Pipe File System.
[   12.645070] systemd[1]: Mounted Huge Pages File System.
[[0;32m  OK  [0m] Mounted Huge Pages File System.
[   12.690826] systemd[1]: Mounted Debug File System.
[[0;32m  OK  [0m] Mounted Debug File System.
[   12.719189] systemd[1]: Mounted POSIX Message Queue File System.
[[0;32m  OK  [0m] Mounted POSIX Message Queue File System.
[   12.770494] systemd[1]: Started Journal Service.
[[0;32m  OK  [0m] Started Journal Service.
[[0;32m  OK  [0m] Started Remount Root and Kernel File Systems.
[[0;32m  OK  [0m] Started Load Kernel Modules.
[[0;32m  OK  [0m] Started Set console keymap.
[[0;32m  OK  [0m] Started Create list of required sta...ce nodes for the current kernel.
[[0;32m  OK  [0m] Started Uncomplicated firewall.
[[0;32m  OK  [0m] Started Nameserver information manager.
[[0;32m  OK  [0m] Started LVM2 metadata daemon.
         Starting Create Static Device Nodes in /dev...
         Starting Apply Kernel Variables...
         Mounting FUSE Control File System...
         Starting Load/Save Random Seed...
         Starting Initial cloud-init job (pre-networking)...
         Starting udev Coldplug all Devices...
         Starting Flush Journal to Persistent Storage...
[[0;32m  OK  [0m] Mounted FUSE Control File System.
[[0;32m  OK  [0m] Started Create Static Device Nodes in /dev.
[[0;32m  OK  [0m] Started Apply Kernel Variables.
[[0;32m  OK  [0m] Started Load/Save Random Seed.
[[0;32m  OK  [0m] Started Monitoring of LVM2 mirrors,...ng dmeventd or progress polling.
[[0;32m  OK  [0m] Started Flush Journal to Persistent Storage.
         Starting udev Kernel Device Manager...
[[0;32m  OK  [0m] Started udev Coldplug all Devices.
[[0;32m  OK  [0m] Started udev Kernel Device Manager.
[[0;32m  OK  [0m] Started Dispatch Password Requests to Console Directory Watch.
[[0;32m  OK  [0m] Reached target Local File Systems (Pre).
[[0;32m  OK  [0m] Reached target Local File Systems.
         Starting Preprocess NFS configuration...
         Starting Tell Plymouth To Write Out Runtime Data...
         Starting LSB: AppArmor initialization...
         Starting Create Volatile Files and Directories...
         Starting Set console font and keymap...
[[0;32m  OK  [0m] Started Preprocess NFS configuration.
[[0;32m  OK  [0m] Started Tell Plymouth To Write Out Runtime Data.
[[0;32m  OK  [0m] Reached target NFS client services.
[[0;32m  OK  [0m] Started Create Volatile Files and Directories.
         Starting Update UTMP about System Boot/Shutdown...
[[0;32m  OK  [0m] Reached target System Time Synchronized.
[[0;32m  OK  [0m] Started Update UTMP about System Boot/Shutdown.
[[0;32m  OK  [0m] Started LSB: AppArmor initialization.
[[0;32m  OK  [0m] Found device /dev/ttyS0.
[[0;32m  OK  [0m] Started Set console font and keymap.
[[0;32m  OK  [0m] Created slice system-getty.slice.
[[0;32m  OK  [0m] Found device 82540EM Gigabit Ethern...r (PRO/1000 MT Desktop Adapter).
[[0;32m  OK  [0m] Found device 82540EM Gigabit Ethern...r (PRO/1000 MT Desktop Adapter).
[[0;32m  OK  [0m] Listening on Load/Save RF Kill Switch Status /dev/rfkill Watch.
[   12.459210] cloud-init[458]: Cloud-init v. 17.1 running 'init-local' at Wed, 01 Aug 2018 11:29:21 +0000. Up 11.98 seconds.
[[0;32m  OK  [0m] Started Initial cloud-init job (pre-networking).
[[0;32m  OK  [0m] Reached target Network (Pre).
[[0;32m  OK  [0m] Started ifup for enp0s8.
         Starting Raise network interfaces...
[[0;32m  OK  [0m] Started ifup for enp0s3.
[[0;32m  OK  [0m] Started Raise network interfaces.
[[0;32m  OK  [0m] Reached target Network.
         Starting Initial cloud-init job (metadata service crawler)...
[   13.695848] cloud-init[1054]: Cloud-init v. 17.1 running 'init' at Wed, 01 Aug 2018 11:29:23 +0000. Up 13.44 seconds.
[   13.724450] cloud-init[1054]: ci-info: ++++++++++++++++++++++++++++++++++++++Net device info++++++++++++++++++++++++++++++++++++++
[   13.760746] cloud-init[1054]: ci-info: +--------+------+-----------------------------+---------------+-------+-------------------+
[[0;32m  OK  [0m] Started Initial cloud-init job (metadata service crawler).[   13.773386] cloud-init[1054]: ci-info: | Device |  Up  |           Address           |      Mask     | Scope |     Hw-Address    |

[[0;32m  OK  [0m] Reached target Network is Online.
[   13.782377] cloud-init[1054]:          Starting iSCSI initiator daemon (iscsid)...
[[0;32m  OK  [0m] Reached target Cloud-config availability.
ci-info: +--------+------+-----------------------------+---------------+-------+-------------------+
[   13.797165] cloud-init[[0;32m  OK  [0m] Reached target System Initialization.[1054]: 
ci-info: | enp0s3 | True |          10.0.2.15          | 255.255.255.0 |   .   | 02:1f:2a:60:99:e3 |[[0;32m  OK  [0m] Started Clean PHP session files every 30 mins.

[[0;32m  OK  [0m] Started ACPI Events Check.
[[0;32m  OK  [0m] Reached target Paths.
[[0;32m  OK  [0m] Started Timer to automatically refresh installed snaps.
[[0;32m  OK  [0m] Listening on D-Bus System Message Bus Socket.
         Starting Socket activation for snappy daemon.
[[0;32m  OK  [0m] Started Daily Cleanup of Temporary Directories.
[[0;32m  OK  [0m] Listening on RPCbind Server Activation Socket.
         Starting LXD - unix socket.
[[0;32m  OK  [0m] Started Daily apt download activities.
[[0;32m  OK  [0m] Started Daily apt upgrade and clean activities.
[[0;32m  OK  [0m] Reached target Timers.
[[0;32m  OK  [0m] Listening on UUID daemon activation socket.
[[0;32m  OK  [0m] Listening on ACPID Listen Socket.
[[0;32m  OK  [0m] Listening on Socket activation for snappy daemon.
[[0;32m  OK  [0m] Listening on LXD - unix socket.
[[0;32m  OK  [0m] Started iSCSI initiator daemon (iscsid).
[   13.850925] cloud-init[1054]: ci-info: | enp0s3 | True |  fe80::1f:2aff:fe60:99e3/64 |       .       |  link | 02:1f:2a:60:99:e3 |
[   13.908935] cloud-init[1054]: ci-info: | enp0s8 | True |        192.160.14.15        | 255.255.255.0 |   .   | 08:00:27:96:b3:3f |
[   13.932180] cloud-init[1054]: ci-info: | enp0s8 | True | fe80::a00:27ff:fe96:b33f/64 |       .       |  link | 08:00:27:96:b3:3f |
[   13.932986] cloud-init[1054]: ci-info: |   lo   | True |          127.0.0.1          |   255.0.0.0   |   .   |         .         |
[   13.933029] cloud-init[1054]: ci-info: |   lo   | True |           ::1/128           |       .       |  host |         .         |
[   13.933062] cloud-init[1054]: ci-info: +--------+------+-----------------------------+---------------+-------+-------------------+
[   13.933096] cloud-init[1054]: ci-info: ++++++++++++++++++++++++++++Route IPv4 info++++++++++++++++++++++++++++
[   13.933128] cloud-init[1054]: ci-info: +-------+--------------+----------+---------------+-----------+-------+
[   13.933159] cloud-init[1054]: ci-info: | Route | Destination  | Gateway  |    Genmask    | Interface | Flags |
[   13.933190] cloud-init[1054]: ci-info: +-------+--------------+----------+---------------+-----------+-------+
[   13.933220] cloud-init[1054]: ci-info: |   0   |   0.0.0.0    | 10.0.2.2 |    0.0.0.0    |   enp0s3  |   UG  |
[   13.933251] cloud-init[1054]: ci-info: |   1   |   10.0.2.0   | 0.0.0.0  | 255.255.255.0 |   enp0s3  |   U   |
[   13.933284] cloud-init[1054]: ci-info: |   2   | 192.160.14.0 | 0.0.0.0  | 255.255.255.0 |   enp0s8  |   U   |
[   13.933316] cloud-init[1054]: ci-info: +-------+--------------+----------+---------------+-----------+-------+
         Starting Login to default iSCSI targets...
[[0;32m  OK  [0m] Reached target Sockets.
[[0;32m  OK  [0m] Reached target Basic System.
         Starting Accounts Service...
         Starting The PHP 7.1 FastCGI Process Manager...
         Starting LSB: MD monitoring daemon...
         Starting Clean php session files...
         Starting /etc/rc.local Compatibility...
         Starting System Logging Service...
[[0;32m  OK  [0m] Started Deferred execution scheduler.
[[0;32m  OK  [0m] Started FUSE filesystem for LXC.
         Starting Login Service...
         Starting MySQL Community Server...
[[0;32m  OK  [0m] Started ACPI event daemon.
         Starting LXD - container startup/shutdown...
[[0;32m  OK  [0m] Started Regular background program processing daemon.
[[0;32m  OK  [0m] Started Unattended Upgrades Shutdown.
         Starting OpenBSD Secure Shell server...
         Starting Apply the settings specified in cloud-config...
         Starting LSB: Record successful boot for GRUB...
[[0;32m  OK  [0m] Started D-Bus System Message Bus.
         Starting Snappy daemon...
[[0;32m  OK  [0m] Started System Logging Service.
[[0;32m  OK  [0m] Started OpenBSD Secure Shell server.
[[0;32m  OK  [0m] Started /etc/rc.local Compatibility.
[[0;32m  OK  [0m] Started LXD - container startup/shutdown.
[[0;32m  OK  [0m] Started Login to default iSCSI targets.
[[0;32m  OK  [0m] Started LSB: MD monitoring daemon.
[[0;32m  OK  [0m] Started LSB: Record successful boot for GRUB.
[[0;32m  OK  [0m] Started Login Service.
         Starting Authenticate and Authorize Users to Run Privileged Tasks...
[[0;32m  OK  [0m] Reached target Remote File Systems (Pre).
[[0;32m  OK  [0m] Reached target Remote File Systems.
         Starting LSB: VirtualBox Linux Additions...
         Starting LSB: daemon to balance interrupts for SMP systems...
         Starting Permit User Sessions...
         Starting LSB: Apache2 web server...
         Starting LSB: automatic crash report generation...
         Starting LSB: Set the CPU Frequency Scaling governor to "ondemand"...
[[0;32m  OK  [0m] Started Permit User Sessions.
         Starting Hold until boot process finishes up...
         Starting Terminate Plymouth Boot Screen...
[[0;32m  OK  [0m] Started Snappy daemon.
[[0;32m  OK  [0m] Started LSB: Set the CPU Frequency Scaling governor to "ondemand".
[[0;32m  OK  [0m] Started Hold until boot process finishes up.
[[0;32m  OK  [0m] Started Terminate Plymouth Boot Screen.
[[0;32m  OK  [0m] Started Authenticate and Authorize Users to Run Privileged Tasks.
[[0;32m  OK  [0m] Started Accounts Service.
[[0;32m  OK  [0m] Started Getty on tty1.
         Starting Set console scheme...
[[0;32m  OK  [0m] Started Serial Getty on ttyS0.
[[0;32m  OK  [0m] Reached target Login Prompts.
[[0;32m  OK  [0m] Started Set console scheme.
[[0;32m  OK  [0m] Started LSB: daemon to balance interrupts for SMP systems.
[[0;32m  OK  [0m] Started LSB: automatic crash report generation.
[[0;32m  OK  [0m] Started LSB: VirtualBox Linux Additions.
[[0;32m  OK  [0m] Started The PHP 7.1 FastCGI Process Manager.
[[0;32m  OK  [0m] Started Clean php session files.
[[0;32m  OK  [0m] Created slice User Slice of vagrant.
         Starting User Manager for UID 1000...
[[0;32m  OK  [0m] Started Session 1 of user vagrant.
[[0;32m  OK  [0m] Started User Manager for UID 1000.
[[0;32m  OK  [0m] Started LSB: Apache2 web server.
[   18.098671] cloud-init[1181]: Cloud-init v. 17.1 running 'modules:config' at Wed, 01 Aug 2018 11:29:27 +0000. Up 17.47 seconds.
[[0;32m  OK  [0m] Started Apply the settings specified in cloud-config.
[[0;32m  OK  [0m] Started MySQL Community Server.
[[0;32m  OK  [0m] Reached target Multi-User System.
[[0;32m  OK  [0m] Reached target Graphical Interface.
         Starting Execute cloud user/final scripts...
         Starting Update UTMP about System Runlevel Changes...
[[0;32m  OK  [0m] Started Update UTMP about System Runlevel Changes.
[   20.624112] cloud-init[1914]: Cloud-init v. 17.1 running 'modules:final' at Wed, 01 Aug 2018 11:29:30 +0000. Up 20.34 seconds.
[   20.624765] cloud-init[1914]: Cloud-init v. 17.1 finished at Wed, 01 Aug 2018 11:29:30 +0000. Datasource DataSourceNoCloud [seed=/dev/sdb][dsmode=net].  Up 20.61 seconds

Ubuntu 16.04.3 LTS content ttyS0

content login: 