[    0.000000] Initializing cgroup subsys cpuset
[    0.000000] Initializing cgroup subsys cpu
[    0.000000] Initializing cgroup subsys cpuacct
[    0.000000] Linux version 4.4.0-112-generic (buildd@lgw01-amd64-010) (gcc version 5.4.0 20160609 (Ubuntu 5.4.0-6ubuntu1~16.04.5) ) #135-Ubuntu SMP Fri Jan 19 11:48:36 UTC 2018 (Ubuntu 4.4.0-112.135-generic 4.4.98)
[    0.000000] Command line: BOOT_IMAGE=/boot/vmlinuz-4.4.0-112-generic root=LABEL=cloudimg-rootfs ro console=tty1 console=ttyS0
[    0.000000] KERNEL supported cpus:
[    0.000000]   Intel GenuineIntel
[    0.000000]   AMD AuthenticAMD
[    0.000000]   Centaur CentaurHauls
[    0.000000] x86/fpu: xstate_offset[2]:  576, xstate_sizes[2]:  256
[    0.000000] x86/fpu: Supporting XSAVE feature 0x01: 'x87 floating point registers'
[    0.000000] x86/fpu: Supporting XSAVE feature 0x02: 'SSE registers'
[    0.000000] x86/fpu: Supporting XSAVE feature 0x04: 'AVX registers'
[    0.000000] x86/fpu: Enabled xstate features 0x7, context size is 832 bytes, using 'standard' format.
[    0.000000] x86/fpu: Using 'lazy' FPU context switches.
[    0.000000] e820: BIOS-provided physical RAM map:
[    0.000000] BIOS-e820: [mem 0x0000000000000000-0x000000000009fbff] usable
[    0.000000] BIOS-e820: [mem 0x000000000009fc00-0x000000000009ffff] reserved
[    0.000000] BIOS-e820: [mem 0x00000000000f0000-0x00000000000fffff] reserved
[    0.000000] BIOS-e820: [mem 0x0000000000100000-0x000000001ffeffff] usable
[    0.000000] BIOS-e820: [mem 0x000000001fff0000-0x000000001fffffff] ACPI data
[    0.000000] BIOS-e820: [mem 0x00000000fec00000-0x00000000fec00fff] reserved
[    0.000000] BIOS-e820: [mem 0x00000000fee00000-0x00000000fee00fff] reserved
[    0.000000] BIOS-e820: [mem 0x00000000fffc0000-0x00000000ffffffff] reserved
[    0.000000] NX (Execute Disable) protection: active
[    0.000000] SMBIOS 2.5 present.
[    0.000000] Hypervisor detected: KVM
[    0.000000] e820: last_pfn = 0x1fff0 max_arch_pfn = 0x400000000
[    0.000000] MTRR: Disabled
[    0.000000] x86/PAT: MTRRs disabled, skipping PAT initialization too.
[    0.000000] CPU MTRRs all blank - virtualized system.
[    0.000000] x86/PAT: Configuration [0-7]: WB  WT  UC- UC  WB  WT  UC- UC  
[    0.000000] found SMP MP-table at [mem 0x0009fff0-0x0009ffff] mapped at [ffff88000009fff0]
[    0.000000] Scanning 1 areas for low memory corruption
[    0.000000] RAMDISK: [mem 0x1ecf2000-0x1f77bfff]
[    0.000000] ACPI: Early table checksum verification disabled
[    0.000000] ACPI: RSDP 0x00000000000E0000 000024 (v02 VBOX  )
[    0.000000] ACPI: XSDT 0x000000001FFF0030 00003C (v01 VBOX   VBOXXSDT 00000001 ASL  00000061)
[    0.000000] ACPI: FACP 0x000000001FFF00F0 0000F4 (v04 VBOX   VBOXFACP 00000001 ASL  00000061)
[    0.000000] ACPI: DSDT 0x000000001FFF0470 0021FF (v02 VBOX   VBOXBIOS 00000002 INTL 20100528)
[    0.000000] ACPI: FACS 0x000000001FFF0200 000040
[    0.000000] ACPI: FACS 0x000000001FFF0200 000040
[    0.000000] ACPI: APIC 0x000000001FFF0240 000054 (v02 VBOX   VBOXAPIC 00000001 ASL  00000061)
[    0.000000] ACPI: SSDT 0x000000001FFF02A0 0001CC (v01 VBOX   VBOXCPUT 00000002 INTL 20100528)
[    0.000000] No NUMA configuration found
[    0.000000] Faking a node at [mem 0x0000000000000000-0x000000001ffeffff]
[    0.000000] NODE_DATA(0) allocated [mem 0x1ffeb000-0x1ffeffff]
[    0.000000] kvm-clock: Using msrs 4b564d01 and 4b564d00
[    0.000000] kvm-clock: cpu 0, msr 0:1ffe3001, primary cpu clock
[    0.000000] kvm-clock: using sched offset of 4184636943 cycles
[    0.000000] clocksource: kvm-clock: mask: 0xffffffffffffffff max_cycles: 0x1cd42e4dffb, max_idle_ns: 881590591483 ns
[    0.000000] Zone ranges:
[    0.000000]   DMA      [mem 0x0000000000001000-0x0000000000ffffff]
[    0.000000]   DMA32    [mem 0x0000000001000000-0x000000001ffeffff]
[    0.000000]   Normal   empty
[    0.000000]   Device   empty
[    0.000000] Movable zone start for each node
[    0.000000] Early memory node ranges
[    0.000000]   node   0: [mem 0x0000000000001000-0x000000000009efff]
[    0.000000]   node   0: [mem 0x0000000000100000-0x000000001ffeffff]
[    0.000000] Initmem setup node 0 [mem 0x0000000000001000-0x000000001ffeffff]
[    0.000000] ACPI: PM-Timer IO Port: 0x4008
[    0.000000] IOAPIC[0]: apic_id 1, version 32, address 0xfec00000, GSI 0-23
[    0.000000] ACPI: INT_SRC_OVR (bus 0 bus_irq 0 global_irq 2 dfl dfl)
[    0.000000] ACPI: INT_SRC_OVR (bus 0 bus_irq 9 global_irq 9 high level)
[    0.000000] Using ACPI (MADT) for SMP configuration information
[    0.000000] smpboot: Allowing 1 CPUs, 0 hotplug CPUs
[    0.000000] PM: Registered nosave memory: [mem 0x00000000-0x00000fff]
[    0.000000] PM: Registered nosave memory: [mem 0x0009f000-0x0009ffff]
[    0.000000] PM: Registered nosave memory: [mem 0x000a0000-0x000effff]
[    0.000000] PM: Registered nosave memory: [mem 0x000f0000-0x000fffff]
[    0.000000] e820: [mem 0x20000000-0xfebfffff] available for PCI devices
[    0.000000] Booting paravirtualized kernel on KVM
[    0.000000] clocksource: refined-jiffies: mask: 0xffffffff max_cycles: 0xffffffff, max_idle_ns: 7645519600211568 ns
[    0.000000] setup_percpu: NR_CPUS:512 nr_cpumask_bits:512 nr_cpu_ids:1 nr_node_ids:1
[    0.000000] PERCPU: Embedded 34 pages/cpu @ffff88001fc00000 s99544 r8192 d31528 u2097152
[    0.000000] PV qspinlock hash table entries: 256 (order: 0, 4096 bytes)
[    0.000000] Built 1 zonelists in Node order, mobility grouping on.  Total pages: 128889
[    0.000000] Policy zone: DMA32
[    0.000000] Kernel command line: BOOT_IMAGE=/boot/vmlinuz-4.4.0-112-generic root=LABEL=cloudimg-rootfs ro console=tty1 console=ttyS0
[    0.000000] PID hash table entries: 2048 (order: 2, 16384 bytes)
[    0.000000] Memory: 485796K/523832K available (8499K kernel code, 1309K rwdata, 3988K rodata, 1508K init, 1316K bss, 38036K reserved, 0K cma-reserved)
[    0.000000] SLUB: HWalign=64, Order=0-3, MinObjects=0, CPUs=1, Nodes=1
[    0.000000] Kernel/User page tables isolation: enabled
[    0.000000] Hierarchical RCU implementation.
[    0.000000] 	Build-time adjustment of leaf fanout to 64.
[    0.000000] 	RCU restricting CPUs from NR_CPUS=512 to nr_cpu_ids=1.
[    0.000000] RCU: Adjusting geometry for rcu_fanout_leaf=64, nr_cpu_ids=1
[    0.000000] NR_IRQS:33024 nr_irqs:256 16
[    0.000000] Console: colour VGA+ 80x25
[    0.000000] console [tty1] enabled
[    0.000000] console [ttyS0] enabled
[    0.000000] tsc: Detected 2294.770 MHz processor
[    3.624277] Calibrating delay loop (skipped) preset value.. 4589.54 BogoMIPS (lpj=9179080)
[    3.645761] pid_max: default: 32768 minimum: 301
[    3.663654] ACPI: Core revision 20150930
[    3.695809] ACPI: 2 ACPI AML tables successfully acquired and loaded
[    3.748685] Security Framework initialized
[    3.824014] Yama: becoming mindful.
[    3.854180] AppArmor: AppArmor initialized
[    3.888703] Dentry cache hash table entries: 65536 (order: 7, 524288 bytes)
[    3.974817] Inode-cache hash table entries: 32768 (order: 6, 262144 bytes)
[    4.021699] Mount-cache hash table entries: 1024 (order: 1, 8192 bytes)
[    4.090483] Mountpoint-cache hash table entries: 1024 (order: 1, 8192 bytes)
[    4.164392] Initializing cgroup subsys io
[    4.222392] Initializing cgroup subsys memory
[    4.259506] Initializing cgroup subsys devices
[    4.289700] Initializing cgroup subsys freezer
[    4.311308] Initializing cgroup subsys net_cls
[    4.336777] Initializing cgroup subsys perf_event
[    4.374011] Initializing cgroup subsys net_prio
[    4.386263] Initializing cgroup subsys hugetlb
[    4.393370] Initializing cgroup subsys pids
[    4.425224] CPU: Physical Processor ID: 0
[    4.484913] FEATURE SPEC_CTRL Not Present
[    4.504296] mce: CPU supports 0 MCE banks
[    4.525767] process: using mwait in idle threads
[    4.556751] Last level iTLB entries: 4KB 512, 2MB 8, 4MB 8
[    4.573922] Last level dTLB entries: 4KB 512, 2MB 32, 4MB 32, 1GB 0
[    4.645106] Freeing SMP alternatives memory: 32K
[    4.713961] ftrace: allocating 32180 entries in 126 pages
[    4.813318] smpboot: APIC(0) Converting physical 0 to logical package 0
[    4.864796] smpboot: Max logical packages: 1
[    4.869907] x2apic enabled
[    4.888341] Switched APIC routing to physical x2apic.
[    4.905679] ..TIMER: vector=0x30 apic1=0 pin1=2 apic2=-1 pin2=-1
[    5.024155] smpboot: CPU0: Intel(R) Core(TM) i5-3427U CPU @ 1.80GHz (family: 0x6, model: 0x3a, stepping: 0x9)
[    5.160212] Performance Events: unsupported p6 CPU model 58 no PMU driver, software events only.
[    5.282080] KVM setup paravirtual spinlock
[    5.286189] x86: Booted up 1 node, 1 CPUs
[    5.398068] smpboot: Total of 1 processors activated (4589.54 BogoMIPS)
[    5.438618] devtmpfs: initialized
[    5.459735] evm: security.selinux
[    5.481831] evm: security.SMACK64
[    5.500901] evm: security.SMACK64EXEC
[    5.502722] evm: security.SMACK64TRANSMUTE
[    5.504772] evm: security.SMACK64MMAP
[    5.508632] evm: security.ima
[    5.530501] evm: security.capability
[    5.566104] clocksource: jiffies: mask: 0xffffffff max_cycles: 0xffffffff, max_idle_ns: 7645041785100000 ns
[    5.634348] futex hash table entries: 256 (order: 2, 16384 bytes)
[    5.657974] pinctrl core: initialized pinctrl subsystem
[    5.664388] RTC time: 10:11:31, date: 02/01/18
[    5.669253] NET: Registered protocol family 16
[    5.674296] cpuidle: using governor ladder
[    5.680071] cpuidle: using governor menu
[    5.684240] PCCT header not found.
[    5.687533] ACPI: bus type PCI registered
[    5.693850] acpiphp: ACPI Hot Plug PCI Controller Driver version: 0.5
[    5.713925] PCI: Using configuration type 1 for base access
[    5.781094] ACPI: Added _OSI(Module Device)
[    5.827919] ACPI: Added _OSI(Processor Device)
[    5.899528] ACPI: Added _OSI(3.0 _SCP Extensions)
[    5.943793] ACPI: Added _OSI(Processor Aggregator Device)
[    5.961292] ACPI: Executed 1 blocks of module-level executable AML code
[    6.009800] ACPI: Interpreter enabled
[    6.047938] ACPI: (supports S0 S5)
[    6.076026] ACPI: Using IOAPIC for interrupt routing
[    6.103740] PCI: Using host bridge windows from ACPI; if necessary, use "pci=nocrs" and report a bug
[    6.147963] ACPI: PCI Root Bridge [PCI0] (domain 0000 [bus 00-ff])
[    6.168245] acpi PNP0A03:00: _OSC: OS supports [ASPM ClockPM Segments MSI]
[    6.177748] acpi PNP0A03:00: _OSC: not requesting OS control; OS requires [ExtendedConfig ASPM ClockPM MSI]
[    6.247378] acpi PNP0A03:00: fail to add MMCONFIG information, can't access extended PCI configuration space under this bridge.
[    6.318562] PCI host bridge to bus 0000:00
[    6.424639] pci_bus 0000:00: root bus resource [io  0x0000-0x0cf7 window]
[    6.542203] pci_bus 0000:00: root bus resource [io  0x0d00-0xffff window]
[    6.564397] pci_bus 0000:00: root bus resource [mem 0x000a0000-0x000bffff window]
[    6.621270] pci_bus 0000:00: root bus resource [mem 0x20000000-0xffdfffff window]
[    6.654803] pci_bus 0000:00: root bus resource [bus 00-ff]
[    6.690036] pci 0000:00:01.1: legacy IDE quirk: reg 0x10: [io  0x01f0-0x01f7]
[    6.730743] pci 0000:00:01.1: legacy IDE quirk: reg 0x14: [io  0x03f6]
[    6.736277] pci 0000:00:01.1: legacy IDE quirk: reg 0x18: [io  0x0170-0x0177]
[    6.750726] pci 0000:00:01.1: legacy IDE quirk: reg 0x1c: [io  0x0376]
[    6.791237] pci 0000:00:07.0: quirk: [io  0x4000-0x403f] claimed by PIIX4 ACPI
[    6.848258] pci 0000:00:07.0: quirk: [io  0x4100-0x410f] claimed by PIIX4 SMB
[    6.886648] ACPI: PCI Interrupt Link [LNKA] (IRQs 5 9 10 *11)
[    6.940390] ACPI: PCI Interrupt Link [LNKB] (IRQs 5 9 10 *11)
[    6.993026] ACPI: PCI Interrupt Link [LNKC] (IRQs 5 9 *10 11)
[    7.044547] ACPI: PCI Interrupt Link [LNKD] (IRQs 5 *9 10 11)
[    7.097199] ACPI: Enabled 2 GPEs in block 00 to 07
[    7.161448] vgaarb: setting as boot device: PCI:0000:00:02.0
[    7.175915] vgaarb: device added: PCI:0000:00:02.0,decodes=io+mem,owns=io+mem,locks=none
[    7.194355] vgaarb: loaded
[    7.200613] vgaarb: bridge control possible 0000:00:02.0
[    7.207863] SCSI subsystem initialized
[    7.211947] ACPI: bus type USB registered
[    7.264827] usbcore: registered new interface driver usbfs
[    7.302856] usbcore: registered new interface driver hub
[    7.353153] usbcore: registered new device driver usb
[    7.421510] PCI: Using ACPI for IRQ routing
[    7.435047] NetLabel: Initializing
[    7.467569] NetLabel:  domain hash size = 128
[    7.578352] NetLabel:  protocols = UNLABELED CIPSOv4
[    7.587683] NetLabel:  unlabeled traffic allowed by default
[    7.672078] amd_nb: Cannot enumerate AMD northbridges
[    7.747809] clocksource: Switched to clocksource kvm-clock
[    7.808316] AppArmor: AppArmor Filesystem Enabled
[    7.834910] pnp: PnP ACPI init
[    7.853013] pnp: PnP ACPI: found 3 devices
[    7.910035] clocksource: acpi_pm: mask: 0xffffff max_cycles: 0xffffff, max_idle_ns: 2085701024 ns
[    7.977780] NET: Registered protocol family 2
[    8.004643] TCP established hash table entries: 4096 (order: 3, 32768 bytes)
[    8.155571] TCP bind hash table entries: 4096 (order: 4, 65536 bytes)
[    8.175418] TCP: Hash tables configured (established 4096 bind 4096)
[    8.254243] UDP hash table entries: 256 (order: 1, 8192 bytes)
[    8.377764] UDP-Lite hash table entries: 256 (order: 1, 8192 bytes)
[    8.474089] NET: Registered protocol family 1
[    8.558895] pci 0000:00:00.0: Limiting direct PCI/PCI transfers
[    8.634992] pci 0000:00:01.0: Activating ISA DMA hang workarounds
[    8.728345] Unpacking initramfs...
[   11.085011] Freeing initrd memory: 10792K
[   11.128860] RAPL PMU detected, API unit is 2^-32 Joules, 3 fixed counters 10737418240 ms ovfl timer
[   11.271092] hw unit of domain pp0-core 2^-0 Joules
[   11.294155] hw unit of domain package 2^-0 Joules
[   11.314240] hw unit of domain pp1-gpu 2^-0 Joules
[   11.323471] platform rtc_cmos: registered platform RTC device (no PNP device found)
[   11.351860] Scanning for low memory corruption every 60 seconds
[   11.370772] audit: initializing netlink subsys (disabled)
[   11.398768] audit: type=2000 audit(1517479896.528:1): initialized
[   11.462192] Initialise system trusted keyring
[   11.501640] HugeTLB registered 2 MB page size, pre-allocated 0 pages
[   11.517494] zbud: loaded
[   11.540312] VFS: Disk quotas dquot_6.6.0
[   11.563966] VFS: Dquot-cache hash table entries: 512 (order 0, 4096 bytes)
[   11.635023] squashfs: version 4.0 (2009/01/31) Phillip Lougher
[   11.665121] fuse init (API version 7.23)
[   11.684941] Key type big_key registered
[   11.694935] Allocating IMA MOK and blacklist keyrings.
[   11.737855] Key type asymmetric registered
[   11.782367] Asymmetric key parser 'x509' registered
[   11.798690] Block layer SCSI generic (bsg) driver version 0.4 loaded (major 249)
[   11.825786] io scheduler noop registered
[   11.832505] io scheduler deadline registered (default)
[   11.858217] io scheduler cfq registered
[   11.867914] pci_hotplug: PCI Hot Plug PCI Core version: 0.5
[   11.889172] pciehp: PCI Express Hot Plug Controller Driver version: 0.4
[   11.930124] ACPI: AC Adapter [AC] (on-line)
[   12.031565] input: Power Button as /devices/LNXSYSTM:00/LNXPWRBN:00/input/input0
[   12.060527] ACPI: Power Button [PWRF]
[   12.084118] input: Sleep Button as /devices/LNXSYSTM:00/LNXSLPBN:00/input/input1
[   12.109979] ACPI: Sleep Button [SLPF]
[   12.123281] ACPI: Battery Slot [BAT0] (battery present)
[   12.144482] GHES: HEST is not enabled!
[   12.153353] Serial: 8250/16550 driver, 32 ports, IRQ sharing enabled
[   12.198171] 00:02: ttyS0 at I/O 0x3f8 (irq = 4, base_baud = 115200) is a 16550A
[   12.246656] Linux agpgart interface v0.103
[   12.268903] loop: module loaded
[   12.285292] scsi host0: ata_piix
[   12.324858] tsc: Refined TSC clocksource calibration: 2294.505 MHz
[   12.392696] clocksource: tsc: mask: 0xffffffffffffffff max_cycles: 0x2112ee21eb8, max_idle_ns: 440795227755 ns
[   12.439722] scsi host1: ata_piix
[   12.451827] ata1: PATA max UDMA/33 cmd 0x1f0 ctl 0x3f6 bmdma 0xd000 irq 14
[   12.477737] ata2: PATA max UDMA/33 cmd 0x170 ctl 0x376 bmdma 0xd008 irq 15
[   12.511141] libphy: Fixed MDIO Bus: probed
[   12.524766] tun: Universal TUN/TAP device driver, 1.6
[   12.548490] tun: (C) 1999-2004 Max Krasnyansky <maxk@qualcomm.com>
[   12.587455] PPP generic driver version 2.4.2
[   12.606161] ehci_hcd: USB 2.0 'Enhanced' Host Controller (EHCI) Driver
[   12.655746] ehci-pci: EHCI PCI platform driver
[   12.694999] ehci-platform: EHCI generic platform driver
[   12.737490] ohci_hcd: USB 1.1 'Open' Host Controller (OHCI) Driver
[   12.786374] ohci-pci: OHCI PCI platform driver
[   12.809123] ohci-platform: OHCI generic platform driver
[   12.858456] uhci_hcd: USB Universal Host Controller Interface driver
[   12.866370] i8042: PNP: PS/2 Controller [PNP0303:PS2K,PNP0f03:PS2M] at 0x60,0x64 irq 1,12
[   12.906425] serio: i8042 KBD port at 0x60,0x64 irq 1
[   12.964804] serio: i8042 AUX port at 0x60,0x64 irq 12
[   13.018295] mousedev: PS/2 mouse device common for all mice
[   13.043068] input: AT Translated Set 2 keyboard as /devices/platform/i8042/serio0/input/input2
[   13.082802] rtc_cmos rtc_cmos: rtc core: registered rtc_cmos as rtc0
[   13.113302] rtc_cmos rtc_cmos: alarms up to one day, 114 bytes nvram
[   13.177334] i2c /dev entries driver
[   13.195418] device-mapper: uevent: version 1.0.3
[   13.267983] device-mapper: ioctl: 4.34.0-ioctl (2015-10-28) initialised: dm-devel@redhat.com
[   13.411989] ledtrig-cpu: registered to indicate activity on CPUs
[   13.446876] NET: Registered protocol family 10
[   13.504393] NET: Registered protocol family 17
[   13.627456] Key type dns_resolver registered
[   13.658374] microcode: CPU0 sig=0x306a9, pf=0x2, revision=0x19
[   13.703684] microcode: Microcode Update Driver: v2.01 <tigran@aivazian.fsnet.co.uk>, Peter Oruba
[   13.746795] registered taskstats version 1
[   13.749059] Loading compiled-in X.509 certificates
[   13.752901] Loaded X.509 cert 'Build time autogenerated kernel key: 4c603087bab8f0a02cb3b4e1fb4c40f507e71ef1'
[   13.771529] zswap: loaded using pool lzo/zbud
[   13.798155] Key type trusted registered
[   13.821925] Key type encrypted registered
[   13.849418] AppArmor: AppArmor sha1 policy hashing enabled
[   13.920743] ima: No TPM chip found, activating TPM-bypass!
[   13.933203] evm: HMAC attrs: 0x1
[   13.976988]   Magic number: 6:723:172
[   13.999611] rtc_cmos rtc_cmos: setting system clock to 2018-02-01 10:11:40 UTC (1517479900)
[   14.056575] BIOS EDD facility v0.16 2004-Jun-25, 0 devices found
[   14.095184] EDD information not available.
[   14.116351] Freeing unused kernel memory: 1508K
[   14.136805] Write protecting the kernel read-only data: 14336k
[   14.173752] Freeing unused kernel memory: 1728K
[   14.194309] Freeing unused kernel memory: 108K
Loading, please wait...
startin[   14.233241] random: systemd-udevd: uninitialized urandom read (16 bytes read, 4 bits of entropy available)
g version 229
[   14.262979] random: udevadm: uninitialized urandom read (16 bytes read, 4 bits of entropy available)
[   14.298378] random: systemd-udevd: uninitialized urandom read (16 bytes read, 4 bits of entropy available)
[   14.342974] random: udevadm: uninitialized urandom read (16 bytes read, 4 bits of entropy available)
[   14.376782] random: systemd-udevd: uninitialized urandom read (16 bytes read, 4 bits of entropy available)
[   14.413236] random: udevadm: uninitialized urandom read (16 bytes read, 4 bits of entropy available)
[   14.456706] random: systemd-udevd: uninitialized urandom read (16 bytes read, 4 bits of entropy available)
[   14.476084] random: udevadm: uninitialized urandom read (16 bytes read, 4 bits of entropy available)
[   14.553778] random: systemd-udevd: uninitialized urandom read (16 bytes read, 4 bits of entropy available)
[   14.576335] random: systemd-udevd: uninitialized urandom read (16 bytes read, 4 bits of entropy available)
[   14.771861] e1000: Intel(R) PRO/1000 Network Driver - version 7.3.21-k8-NAPI
[   14.840850] e1000: Copyright (c) 1999-2006 Intel Corporation.
[   14.893583] Fusion MPT base driver 3.04.20
[   14.948870] Copyright (c) 1999-2008 LSI Corporation
[   15.018014] AVX version of gcm_enc/dec engaged.
[   15.025054] AES CTR mode by8 optimization enabled
[   15.080807] Fusion MPT SPI Host driver 3.04.20
[   15.179281] input: ImExPS/2 Generic Explorer Mouse as /devices/platform/i8042/serio1/input/input4
[   15.616081] e1000 0000:00:03.0 eth0: (PCI:33MHz:32-bit) 02:1f:2a:60:99:e3
[   15.657707] e1000 0000:00:03.0 eth0: Intel(R) PRO/1000 Network Connection
[   15.680197] mptbase: ioc0: Initiating bringup
[   15.768634] ioc0: LSI53C1030 A0: Capabilities={Initiator}
[   16.002351] scsi host2: ioc0: LSI53C1030 A0, FwRev=00000000h, Ports=1, MaxQ=256, IRQ=20
[   16.162099] scsi 2:0:0:0: Direct-Access     VBOX     HARDDISK         1.0  PQ: 0 ANSI: 5
[   16.230530] scsi target2:0:0: Beginning Domain Validation
[   16.320547] scsi target2:0:0: Domain Validation skipping write tests
[   16.374434] scsi target2:0:0: Ending Domain Validation
[   16.513749] scsi target2:0:0: asynchronous
[   16.676244] scsi 2:0:1:0: Direct-Access     VBOX     HARDDISK         1.0  PQ: 0 ANSI: 5
[   16.753111] scsi target2:0:1: Beginning Domain Validation
[   16.874275] scsi target2:0:1: Domain Validation skipping write tests
[   16.955957] scsi target2:0:1: Ending Domain Validation
[   16.985718] scsi target2:0:1: asynchronous
[   17.051984] e1000 0000:00:08.0 eth1: (PCI:33MHz:32-bit) 08:00:27:96:b3:3f
[   17.116142] e1000 0000:00:08.0 eth1: Intel(R) PRO/1000 Network Connection
[   17.146748] e1000 0000:00:08.0 enp0s8: renamed from eth1
[   17.187471] e1000 0000:00:03.0 enp0s3: renamed from eth0
[   17.252619] sd 2:0:0:0: [sda] 20971520 512-byte logical blocks: (10.7 GB/10.0 GiB)
[   17.288403] sd 2:0:0:0: Attached scsi generic sg0 type 0
[   17.327911] sd 2:0:0:0: [sda] Write Protect is off
[   17.343342] sd 2:0:1:0: [sdb] 20480 512-byte logical blocks: (10.5 MB/10.0 MiB)
[   17.373989] sd 2:0:1:0: Attached scsi generic sg1 type 0
[   17.395356] sd 2:0:0:0: [sda] Incomplete mode parameter data
[   17.401487] sd 2:0:0:0: [sda] Assuming drive cache: write through
[   17.411326] sd 2:0:1:0: [sdb] Write Protect is off
[   17.425898] sd 2:0:1:0: [sdb] Incomplete mode parameter data
[   17.440825] sd 2:0:1:0: [sdb] Assuming drive cache: write through
[   17.448755]  sda: sda1
[   17.472805] sd 2:0:1:0: [sdb] Attached SCSI disk
[   17.497719] sd 2:0:0:0: [sda] Attached SCSI disk
[   17.992757] floppy0: no floppy controllers found
Begin: Loading e[   19.442590] md: linear personality registered for level -1
ssential drivers ... [   19.553077] md: multipath personality registered for level -4
[   19.601418] md: raid0 personality registered for level 0
[   19.634539] md: raid1 personality registered for level 1
[   19.755906] raid6: sse2x1   gen()  5692 MB/s
[   19.868489] raid6: sse2x1   xor()  5100 MB/s
[   19.961016] raid6: sse2x2   gen()  7616 MB/s
[   20.059863] raid6: sse2x2   xor()  3795 MB/s
[   20.159849] raid6: sse2x4   gen()  9317 MB/s
[   20.274039] raid6: sse2x4   xor()  6847 MB/s
[   20.327528] raid6: using algorithm sse2x4 gen() 9317 MB/s
[   20.348380] raid6: .... xor() 6847 MB/s, rmw enabled
[   20.349987] raid6: using ssse3x2 recovery algorithm
[   20.411677] xor: automatically using best checksumming function:
[   20.571857]    avx       : 14772.000 MB/sec
[   20.638315] async_tx: api initialized (async)
[   20.711453] md: raid6 personality registered for level 6
[   20.744469] md: raid5 personality registered for level 5
[   20.775233] md: raid4 personality registered for level 4
[   20.790394] md: raid10 personality registered for level 10
done.
Begin: Running /scripts/init-premount ... done[   20.896312] Btrfs loaded
.
Begin: Mounting root file system ... Begin: Running /scripts/local-top ... done.
Begin: Running /scripts/local-premount ... Scanning for Btrfs filesystems
[   20.980832] EXT4-fs (sda1): mounted filesystem with ordered data mode. Opts: (null)
done.
Warning: fsck not present, so skipping root file system
done.
Begin: Running /scripts/local-bottom ... done.
Begin: Running /scripts/init-bottom ... done.
[   21.196654] systemd[1]: systemd 229 running in system mode. (+PAM +AUDIT +SELINUX +IMA +APPARMOR +SMACK +SYSVINIT +UTMP +LIBCRYPTSETUP +GCRYPT +GNUTLS +ACL +XZ -LZ4 +SECCOMP +BLKID +ELFUTILS +KMOD -IDN)
[   21.505225] systemd[1]: Detected virtualization oracle.
[   21.533419] systemd[1]: Detected architecture x86-64.

Welcome to [1mUbuntu 16.04.3 LTS[0m!

[   21.613689] systemd[1]: Set hostname to <appcms>.
[   21.983744] systemd[1]: Set up automount Arbitrary Executable File Formats File System Automount Point.
[[0;32m  OK  [0m] Set up automount Arbitrary Executab...ats File System Automount Point.
[   22.100716] systemd[1]: Reached target Encrypted Volumes.
[[0;32m  OK  [0m] Reached target Encrypted Volumes.
[   22.180864] systemd[1]: Created slice System Slice.
[[0;32m  OK  [0m] Created slice System Slice.
[   22.232927] systemd[1]: Reached target User and Group Name Lookups.
[[0;32m  OK  [0m] Reached target User and Group Name Lookups.
[   22.312397] systemd[1]: Reached target Swap.
[[0;32m  OK  [0m] Reached target Swap.
[   22.440485] systemd[1]: Listening on /dev/initctl Compatibility Named Pipe.
[[0;32m  OK  [0m] Listening on /dev/initctl Compatibility Named Pipe.
[   22.588540] systemd[1]: Started Forward Password Requests to Wall Directory Watch.
[[0;32m  OK  [0m] Started Forward Password Requests to Wall Directory Watch.
[   22.748811] systemd[1]: Started Trigger resolvconf update for networkd DNS.
[[0;32m  OK  [0m] Started Trigger resolvconf update for networkd DNS.
[   22.820832] systemd[1]: Created slice User and Session Slice.
[[0;32m  OK  [0m] Created slice User and Session Slice.
[   22.932702] systemd[1]: Listening on Device-mapper event daemon FIFOs.
[[0;32m  OK  [0m] Listening on Device-mapper event daemon FIFOs.
[   23.012827] systemd[1]: Listening on LVM2 poll daemon socket.
[[0;32m  OK  [0m] Listening on LVM2 poll daemon socket.
[   23.096809] systemd[1]: Listening on Journal Audit Socket.
[[0;32m  OK  [0m] Listening on Journal Audit Socket.
[   23.184544] systemd[1]: Listening on Syslog Socket.
[[0;32m  OK  [0m] Listening on Syslog Socket.
[   23.232726] systemd[1]: Listening on Journal Socket.
[[0;32m  OK  [0m] Listening on Journal Socket.
[   23.306381] systemd[1]: Starting Nameserver information manager...
         Starting Nameserver information manager...
[   23.361480] systemd[1]: Mounting Debug File System...
         Mounting Debug File System...
[   23.420430] systemd[1]: Starting Load Kernel Modules...
         [   23.465873] Loading iSCSI transport class v2.0-870.
Starting Load Ke[   23.486838] iscsi: registered transport (tcp)
rnel Modules...
[   23.525373] systemd[1]: Starting Create list of required static device nodes for the current kernel...
         Starting Create [   23.605030] iscsi: registered transport (iser)
list of required st... nodes for the current kernel...
[   23.649252] systemd[1]: Mounting RPC Pipe File System...
         [   23.669173] random: nonblocking pool is initialized
Mounting RPC Pipe File System...
[   23.691799] RPC: Registered named UNIX socket transport module.
[   23.695368] RPC: Registered udp transport module.
[   23.725172] RPC: Registered tcp transport module.
[   23.794601] RPC: Registered tcp NFSv4.1 backchannel transport module.
[   23.825483] systemd[1]: Mounting Huge Pages File System...
         Mounting Huge Pages File System...
[   23.893543] systemd[1]: Starting Uncomplicated firewall...
         Starting Uncomplicated firewall...
[   23.997885] systemd[1]: Starting Remount Root and Kernel File Systems...
         [   24.081831] EXT4-fs (sda1): re-mounted. Opts: (null)
Starting Remount Root and Kernel File Systems...
[   24.172741] systemd[1]: Created slice system-serial\x2dgetty.slice.
[[0;32m  OK  [0m] Created slice system-serial\x2dgetty.slice.
[   24.262088] systemd[1]: Mounting POSIX Message Queue File System...
         Mounting POSIX Message Queue File System...
[   24.348132] systemd[1]: Listening on udev Control Socket.
[[0;32m  OK  [0m] Listening on udev Control Socket.
[   24.436456] systemd[1]: Listening on LVM2 metadata daemon socket.
[[0;32m  OK  [0m] Listening on LVM2 metadata daemon socket.
[   24.613461] systemd[1]: Starting Montoring of VM2 mirrors, snapshots etc. using dmeventd or progress polling...
         Starting Monitoring of LVM2 mirrors... dmeventd or progress polling...
[   24.856909] systemd[1]: Listening on Journal Socket (/dev/log).
[[0;32m  OK  [0m] Listening on Journal Socket (/dev/log).
[   24.905480] systemd[1]: Starting Journal Service...
         Starting Journal Service...
[   25.000562] systemd[1]: Reached target Slices.
[[0;32m  OK  [0m] Reached target Slices.
[   25.125582] systemd[1]: Starting Set console keymap...
         Starting Set console keymap...
[   25.192218] systemd[1]: Listening on udev Kernel Socket.
[[0;32m  OK  [0m] Listening on udev Kernel Socket.
[   25.321266] systemd[1]: Mounted RPC Pipe File System.
[[0;32m  OK  [0m] Mounted RPC Pipe File System.
[   25.412729] systemd[1]: Mounted Huge Pages File System.
[[0;32m  OK  [0m] Mounted Huge Pages File System.
[   25.475312] systemd[1]: Mounted Debug File System.
[[0;32m  OK  [0m] Mounted Debug File System.
[   25.548859] systemd[1]: Mounted POSIX Message Queue File System.
[[0;32m  OK  [0m] Mounted POSIX Message Queue File System.
[   25.668351] systemd[1]: Started Journal Service.
[[0;32m  OK  [0m] Started Journal Service.
[[0;32m  OK  [0m] Started Load Kernel Modules.
[[0;32m  OK  [0m] Started Create list of required sta...ce nodes for the current kernel.
[[0;32m  OK  [0m] Started Uncomplicated firewall.
[[0;32m  OK  [0m] Started Remount Root and Kernel File Systems.
[[0;32m  OK  [0m] Started Set console keymap.
[[0;32m  OK  [0m] Started Nameserver information manager.
[[0;32m  OK  [0m] Started LVM2 metadata daemon.
         Starting udev Coldplug all Devices...
         Starting Load/Save Random Seed...
         Starting Initial cloud-init job (pre-networking)...
         Starting Create Static Device Nodes in /dev...
         Mounting FUSE Control File System...
         Starting Apply Kernel Variables...
         Starting Flush Journal to Persistent Storage...
[[0;32m  OK  [0m] Mounted FUSE Control File System.
[[0;32m  OK  [0m] Started Monitoring of LVM2 mirrors,...ng dmeventd or progress polling.
[[0;32m  OK  [0m] Started Load/Save Random Seed.
[[0;32m  OK  [0m] Started Create Static Device Nodes in /dev.
[[0;32m  OK  [0m] Started Apply Kernel Variables.
[[0;32m  OK  [0m] Started udev Coldplug all Devices.
[[0;32m  OK  [0m] Started Flush Journal to Persistent Storage.
         Starting udev Kernel Device Manager...
[[0;32m  OK  [0m] Started udev Kernel Device Manager.
[[0;32m  OK  [0m] Reached target Local File Systems (Pre).
[[0;32m  OK  [0m] Reached target Local File Systems.
         Starting Preprocess NFS configuration...
         Starting Tell Plymouth To Write Out Runtime Data...
         Starting Create Volatile Files and Directories...
         Starting Set console font and keymap...
         Starting LSB: AppArmor initialization...
[[0;32m  OK  [0m] Started Dispatch Password Requests to Console Directory Watch.
[[0;32m  OK  [0m] Started Preprocess NFS configuration.
[[0;32m  OK  [0m] Started Tell Plymouth To Write Out Runtime Data.
[[0;32m  OK  [0m] Started Create Volatile Files and Directories.
         Starting Update UTMP about System Boot/Shutdown...
[[0;32m  OK  [0m] Reached target System Time Synchronized.
[[0;32m  OK  [0m] Reached target NFS client services.
[[0;32m  OK  [0m] Started LSB: AppArmor initialization.
[[0;32m  OK  [0m] Started Update UTMP about System Boot/Shutdown.
[[0;32m  OK  [0m] Found device /dev/ttyS0.
[[0;32m  OK  [0m] Started Set console font and keymap.
[[0;32m  OK  [0m] Created slice system-getty.slice.
[[0;32m  OK  [0m] Found device 82540EM Gigabit Ethern...r (PRO/1000 MT Desktop Adapter).
[   22.311330] cloud-init[454]: Cloud-init v. 17.1 running 'init-local' at Thu, 01 Feb 2018 10:11:54 +0000. Up 21.31 seconds.
[[0;32m  OK  [0m] Found device 82540EM Gigabit Ethern...r (PRO/1000 MT Desktop Adapter).
[[0;32m  OK  [0m] Started Initial cloud-init job (pre-networking).
[[0;32m  OK  [0m] Reached target Network (Pre).
[[0;32m  OK  [0m] Started ifup for enp0s3.
[[0;32m  OK  [0m] Started ifup for enp0s8.
         Starting Raise network interfaces...
[[0;32m  OK  [0m] Listening on Load/Save RF Kill Switch Status /dev/rfkill Watch.
[[0;32m  OK  [0m] Started Raise network interfaces.
[[0;32m  OK  [0m] Reached target Network.
         Starting Initial cloud-init job (metadata service crawler)...
[   30.252307] cloud-init[1071]: Cloud-init v. 17.1 running 'init' at Thu, 01 Feb 2018 10:12:00 +0000. Up 27.21 seconds.
[   30.343321] cloud-init[1071]: ci-info: ++++++++++++++++++++++++++++++++++++++Net device info++++++++++++++++++++++++++++++++++++++
[   30.453494] cloud-init[1071]: ci-info: +--------+------+-----------------------------+---------------+-------+-------------------+
[   30.702770] cloud-init[1071]: ci-info: | Device |  Up  |           Address           |      Mask     | Scope |     Hw-Address    |
[   30.921351] cloud-init[1071]: ci-info: +--------+------+-----------------------------+---------------+-------+-------------------+
[[0;32m  OK  [0m] Started Initial cloud-init job (metadata service crawler).
[   31.024563] cloud-init[1071]: ci-info: | enp0s3 | True |          10.0.2.15          | 255.255.255.0 |   .   | 02:1f:2a:60:99:e3 |
[   31.303175] cloud-init[1071]: ci-info: | enp0s3 | True |  fe80::1f:2aff:fe60:99e3/64 |       .       |  link | 02:1f:2a:60:99:e3 |[[0;32m  OK  [0m] Reached target Network is Online.

[   31.437205] cloud-init[1071]: ci-info: | enp0s8 | True |        192.160.14.15        | 255.255.255.0 |   .   | 08:00:27:96:b3:3f |
         Starting iSCSI initiator daemon (iscsid)...
[[0;32m  OK  [0m] Reached target System Initialization.
[   31.812678] cloud-init[1071]: ci-info: | enp0s8 | True | fe80::a00:27ff:fe96:b33f/64 |       .       |  link | 08:00:27:96:b3:3f |
[   31.813558] cloud-init[1071]: ci-info: |   lo   | True |          127.0.0.1          |   255.0.0.0   |   .   |         .         |
[   31.813713] cloud-init[1071]: ci-info: |   lo   | True |           ::1/128           |       .       |  host |         .         |
[   31.813867] cloud-init[1071]: ci-info: +--------+------+-----------------------------+---------------+-------+-------------------+
[   31.814008] cloud-init[1071]: ci-info: ++++++++++++++++++++++++++++Route IPv4 info++++++++++++++++++++++++++++
[   31.814144] cloud-init[1071]: ci-info: +-------+--------------+----------+---------------+-----------+-------+
[   31.814277] cloud-init[1071]: ci-info: | Route | Destination  | Gateway  |    Genmask    | Interface | Flags |
[   31.814418] cloud-init[1071]: ci-info: +-------+--------------+----------+---------------+-----------+-------+
[   31.814621] cloud-init[1071]: ci-info: |   0   |   0.0.0.0    | 10.0.2.2 |    0.0.0.0    |   enp0s3  |   UG  |
[   31.814762] cloud-init[1071]: ci-info: |   1   |   10.0.2.0   | 0.0.0.0  | 255.255.255.0 |   enp0s3  |   U   |
[   31.814905] cloud-init[1071]: ci-info: |   2   | 192.160.14.0 | 0.0.0.0  | 255.255.255.0 |   enp0s8  |   U   |
[   31.815036] cloud-init[1071]: ci-info: +-------+--------------+----------+---------------+-----------+-------+
[[0;32m  OK  [0m] Started Daily apt download activities.
[[0;32m  OK  [0m] Started ACPI Events Check.
[[0;32m  OK  [0m] Reached target Paths.
[[0;32m  OK  [0m] Listening on D-Bus System Message Bus Socket.
[[0;32m  OK  [0m] Listening on UUID daemon activation socket.
[[0;32m  OK  [0m] Listening on ACPID Listen Socket.
         Starting LXD - unix socket.
[[0;32m  OK  [0m] Listening on RPCbind Server Activation Socket.
[[0;32m  OK  [0m] Started Timer to automatically refresh installed snaps.
[[0;32m  OK  [0m] Started Clean PHP session files every 30 mins.
[[0;32m  OK  [0m] Started Daily apt upgrade and clean activities.
[[0;32m  OK  [0m] Started Daily Cleanup of Temporary Directories.
[[0;32m  OK  [0m] Reached target Timers.
         Starting Socket activation for snappy daemon.
[[0;32m  OK  [0m] Reached target Cloud-config availability.
[[0;32m  OK  [0m] Listening on LXD - unix socket.
[[0;32m  OK  [0m] Listening on Socket activation for snappy daemon.
[[0;32m  OK  [0m] Started iSCSI initiator daemon (iscsid).
         Starting Login to default iSCSI targets...
[[0;32m  OK  [0m] Reached target Sockets.
[[0;32m  OK  [0m] Reached target Basic System.
         Starting /etc/rc.local Compatibility...
         Starting Clean php session files...
[[0;32m  OK  [0m] Started Deferred execution scheduler.
         Starting MySQL Community Server...
         Starting Accounts Service...
         Starting Snappy daemon...
         Starting LSB: Record successful boot for GRUB...
         Starting Apply the settings specified in cloud-config...
[[0;32m  OK  [0m] Started ACPI event daemon.
         Starting System Logging Service...
[[0;32m  OK  [0m] Started D-Bus System Message Bus.
         Starting Login Service...
         Starting The PHP 7.1 FastCGI Process Manager...
[[0;32m  OK  [0m] Started Regular background program processing daemon.
         Starting LSB: MD monitoring daemon...
[[0;32m  OK  [0m] Started Unattended Upgrades Shutdown.
[[0;32m  OK  [0m] Started FUSE filesystem for LXC.
         Starting OpenBSD Secure Shell server...
         Starting LXD - container startup/shutdown...
[[0;32m  OK  [0m] Started System Logging Service.
[[0;32m  OK  [0m] Started Snappy daemon.
[[0;32m  OK  [0m] Started /etc/rc.local Compatibility.
[[0;32m  OK  [0m] Started Login to default iSCSI targets.
[[0;32m  OK  [0m] Started OpenBSD Secure Shell server.
[[0;32m  OK  [0m] Started LSB: Record successful boot for GRUB.
[[0;32m  OK  [0m] Started Login Service.
         Starting Authenticate and Authorize Users to Run Privileged Tasks...
[[0;32m  OK  [0m] Reached target Remote File Systems (Pre).
[[0;32m  OK  [0m] Reached target Remote File Systems.
         Starting LSB: Set the CPU Frequency Scaling governor to "ondemand"...
         Starting Permit User Sessions...
         Starting LSB: VirtualBox Linux Additions...
         Starting LSB: daemon to balance interrupts for SMP systems...
         Starting LSB: automatic crash report generation...
         Starting LSB: Apache2 web server...
[[0;32m  OK  [0m] Started LSB: MD monitoring daemon.
[[0;32m  OK  [0m] Started LXD - container startup/shutdown.
[[0;32m  OK  [0m] Started Permit User Sessions.
[[0;32m  OK  [0m] Started Authenticate and Authorize Users to Run Privileged Tasks.
[[0;32m  OK  [0m] Started Accounts Service.
         Starting Terminate Plymouth Boot Screen...
         Starting Hold until boot process finishes up...
[[0;32m  OK  [0m] Started LSB: Set the CPU Frequency Scaling governor to "ondemand".
[[0;32m  OK  [0m] Started Terminate Plymouth Boot Screen.
[[0;32m  OK  [0m] Started Hold until boot process finishes up.
[[0;32m  OK  [0m] Started LSB: automatic crash report generation.
[[0;32m  OK  [0m] Started LSB: daemon to balance interrupts for SMP systems.
[[0;32m  OK  [0m] Started Serial Getty on ttyS0.
[[0;32m  OK  [0m] Started Getty on tty1.
[[0;32m  OK  [0m] Reached target Login Prompts.
         Starting Set console scheme...
[[0;32m  OK  [0m] Started Set console scheme.
[[0;32m  OK  [0m] Created slice User Slice of vagrant.
[[0;32m  OK  [0m] Started Session 1 of user vagrant.
         Starting User Manager for UID 1000...
[[0;32m  OK  [0m] Started User Manager for UID 1000.
[[0;32m  OK  [0m] Started The PHP 7.1 FastCGI Process Manager.
[[0;32m  OK  [0m] Started LSB: VirtualBox Linux Additions.
[[0;32m  OK  [0m] Started Clean php session files.
[[0;32m  OK  [0m] Started LSB: Apache2 web server.
[   41.420390] cloud-init[1170]: Cloud-init v. 17.1 running 'modules:config' at Thu, 01 Feb 2018 10:12:14 +0000. Up 40.67 seconds.
[[0;32m  OK  [0m] Started Apply the settings specified in cloud-config.
[[0;32m  OK  [0m] Started MySQL Community Server.
[[0;32m  OK  [0m] Reached target Multi-User System.
[[0;32m  OK  [0m] Reached target Graphical Interface.
         Starting Update UTMP about System Runlevel Changes...
         Starting Execute cloud user/final scripts...
[[0;32m  OK  [0m] Started Update UTMP about System Runlevel Changes.
[   43.294357] cloud-init[2098]: Cloud-init v. 17.1 running 'modules:final' at Thu, 01 Feb 2018 10:12:16 +0000. Up 43.07 seconds.
[   43.349908] cloud-init[2098]: Cloud-init v. 17.1 finished at Thu, 01 Feb 2018 10:12:16 +0000. Datasource DataSourceNoCloud [seed=/dev/sdb][dsmode=net].  Up 43.27 seconds

Ubuntu 16.04.3 LTS appcms ttyS0

appcms login: 